\BOOKMARK [1][-]{section.1}{\376\377\000I\000n\000t\000r\000o\000d\000u\000c\000t\000i\000o\000n}{}% 1
\BOOKMARK [2][-]{subsection.1.1}{\376\377\000C\000o\000n\000t\000e\000x\000t\000\040\000o\000f\000\040\000t\000h\000e\000\040\000S\000t\000u\000d\000y}{section.1}% 2
\BOOKMARK [2][-]{subsection.1.2}{\376\377\000O\000b\000j\000e\000c\000t\000i\000v\000e\000s}{section.1}% 3
\BOOKMARK [2][-]{subsection.1.3}{\376\377\000S\000c\000o\000p\000e\000\040\000a\000n\000d\000\040\000O\000r\000g\000a\000n\000i\000z\000a\000t\000i\000o\000n}{section.1}% 4
\BOOKMARK [2][-]{subsection.1.4}{\376\377\000C\000o\000n\000t\000r\000i\000b\000u\000t\000i\000o\000n\000s}{section.1}% 5
\BOOKMARK [1][-]{section.2}{\376\377\000L\000i\000t\000e\000r\000a\000t\000u\000r\000e\000\040\000R\000e\000v\000i\000e\000w}{}% 6
\BOOKMARK [2][-]{subsection.2.1}{\376\377\000I\000n\000t\000r\000o\000d\000u\000c\000t\000i\000o\000n\000\040\000t\000o\000\040\000L\000i\000t\000e\000r\000a\000t\000u\000r\000e\000\040\000S\000u\000r\000v\000e\000y}{section.2}% 7
\BOOKMARK [2][-]{subsection.2.2}{\376\377\000H\000i\000s\000t\000o\000r\000i\000c\000a\000l\000\040\000A\000p\000p\000r\000o\000a\000c\000h\000e\000s}{section.2}% 8
\BOOKMARK [3][-]{subsubsection.2.2.1}{\376\377\000S\000t\000a\000t\000i\000s\000t\000i\000c\000a\000l\000\040\000F\000o\000u\000n\000d\000a\000t\000i\000o\000n\000s}{subsection.2.2}% 9
\BOOKMARK [3][-]{subsubsection.2.2.2}{\376\377\000T\000r\000a\000n\000s\000i\000t\000i\000o\000n\000\040\000t\000o\000\040\000M\000a\000c\000h\000i\000n\000e\000\040\000L\000e\000a\000r\000n\000i\000n\000g}{subsection.2.2}% 10
\BOOKMARK [3][-]{subsubsection.2.2.3}{\376\377\000D\000e\000e\000p\000\040\000L\000e\000a\000r\000n\000i\000n\000g\000\040\000E\000r\000a}{subsection.2.2}% 11
\BOOKMARK [3][-]{subsubsection.2.2.4}{\376\377\000F\000r\000o\000m\000\040\000S\000e\000q\000u\000e\000n\000c\000e\000\040\000M\000o\000d\000e\000l\000s\000\040\000t\000o\000\040\000A\000t\000t\000e\000n\000t\000i\000o\000n\000\040\000a\000n\000d\000\040\000M\000u\000l\000t\000i\000m\000o\000d\000a\000l\000\040\000S\000y\000s\000t\000e\000m\000s}{subsection.2.2}% 12
\BOOKMARK [2][-]{subsection.2.3}{\376\377\000E\000x\000i\000s\000t\000i\000n\000g\000\040\000S\000y\000s\000t\000e\000m\000s\000\040\000/\000\040\000R\000e\000l\000a\000t\000e\000d\000\040\000W\000o\000r\000k}{section.2}% 13
\BOOKMARK [3][-]{subsubsection.2.3.1}{\376\377\000T\000r\000a\000d\000i\000t\000i\000o\000n\000a\000l\000\040\000S\000t\000a\000t\000i\000s\000t\000i\000c\000a\000l\000\040\000M\000e\000t\000h\000o\000d\000s}{subsection.2.3}% 14
\BOOKMARK [3][-]{subsubsection.2.3.2}{\376\377\000M\000a\000c\000h\000i\000n\000e\000\040\000L\000e\000a\000r\000n\000i\000n\000g\000\040\000A\000p\000p\000r\000o\000a\000c\000h\000e\000s}{subsection.2.3}% 15
\BOOKMARK [3][-]{subsubsection.2.3.3}{\376\377\000D\000e\000e\000p\000\040\000L\000e\000a\000r\000n\000i\000n\000g\000-\000B\000a\000s\000e\000d\000\040\000A\000p\000p\000r\000o\000a\000c\000h\000e\000s}{subsection.2.3}% 16
\BOOKMARK [3][-]{subsubsection.2.3.4}{\376\377\000S\000e\000n\000t\000i\000m\000e\000n\000t\000-\000B\000a\000s\000e\000d\000\040\000M\000e\000t\000h\000o\000d\000s}{subsection.2.3}% 17
\BOOKMARK [2][-]{subsection.2.4}{\376\377\000H\000y\000b\000r\000i\000d\000\040\000A\000r\000c\000h\000i\000t\000e\000c\000t\000u\000r\000e\000s}{section.2}% 18
\BOOKMARK [3][-]{subsubsection.2.4.1}{\376\377\000R\000a\000t\000i\000o\000n\000a\000l\000e\000\040\000f\000o\000r\000\040\000H\000y\000b\000r\000i\000d\000\040\000D\000e\000s\000i\000g\000n}{subsection.2.4}% 19
\BOOKMARK [3][-]{subsubsection.2.4.2}{\376\377\000P\000r\000i\000c\000e\000-\000O\000n\000l\000y\000\040\000H\000y\000b\000r\000i\000d\000\040\000S\000y\000s\000t\000e\000m\000s}{subsection.2.4}% 20
\BOOKMARK [3][-]{subsubsection.2.4.3}{\376\377\000P\000r\000i\000c\000e\000\040\000+\000\040\000S\000e\000n\000t\000i\000m\000e\000n\000t\000\040\000H\000y\000b\000r\000i\000d\000\040\000S\000y\000s\000t\000e\000m\000s}{subsection.2.4}% 21
\BOOKMARK [2][-]{subsection.2.5}{\376\377\000C\000o\000m\000p\000a\000r\000a\000t\000i\000v\000e\000\040\000E\000v\000i\000d\000e\000n\000c\000e\000\040\000f\000r\000o\000m\000\040\000L\000i\000t\000e\000r\000a\000t\000u\000r\000e}{section.2}% 22
\BOOKMARK [2][-]{subsection.2.6}{\376\377\000L\000i\000m\000i\000t\000a\000t\000i\000o\000n\000s\000\040\000o\000f\000\040\000E\000x\000i\000s\000t\000i\000n\000g\000\040\000S\000y\000s\000t\000e\000m\000s}{section.2}% 23
\BOOKMARK [3][-]{subsubsection.2.6.1}{\376\377\000G\000e\000n\000e\000r\000a\000l\000\040\000M\000o\000d\000e\000l\000i\000n\000g\000\040\000L\000i\000m\000i\000t\000a\000t\000i\000o\000n\000s}{subsection.2.6}% 24
\BOOKMARK [3][-]{subsubsection.2.6.2}{\376\377\000S\000e\000n\000t\000i\000m\000e\000n\000t\000\040\000A\000n\000a\000l\000y\000s\000i\000s\000\040\000a\000n\000d\000\040\000I\000n\000t\000e\000g\000r\000a\000t\000i\000o\000n\000\040\000G\000a\000p\000s}{subsection.2.6}% 25
\BOOKMARK [2][-]{subsection.2.7}{\376\377\000C\000o\000m\000p\000a\000r\000a\000t\000i\000v\000e\000\040\000S\000t\000u\000d\000y\000\040\000/\000\040\000G\000a\000p\000\040\000A\000n\000a\000l\000y\000s\000i\000s}{section.2}% 26
\BOOKMARK [2][-]{subsection.2.8}{\376\377\000S\000u\000m\000m\000a\000r\000y\000\040\000o\000f\000\040\000L\000i\000t\000e\000r\000a\000t\000u\000r\000e\000\040\000R\000e\000v\000i\000e\000w}{section.2}% 27
\BOOKMARK [1][-]{section.3}{\376\377\000P\000r\000o\000b\000l\000e\000m\000\040\000I\000d\000e\000n\000t\000i\000f\000i\000c\000a\000t\000i\000o\000n}{}% 28
\BOOKMARK [2][-]{subsection.3.1}{\376\377\000P\000r\000o\000b\000l\000e\000m\000\040\000S\000t\000a\000t\000e\000m\000e\000n\000t}{section.3}% 29
\BOOKMARK [2][-]{subsection.3.2}{\376\377\000R\000e\000s\000e\000a\000r\000c\000h\000\040\000G\000a\000p\000\040\000t\000o\000\040\000b\000e\000\040\000S\000o\000l\000v\000e\000d}{section.3}% 30
\BOOKMARK [2][-]{subsection.3.3}{\376\377\000W\000h\000y\000\040\000E\000x\000i\000s\000t\000i\000n\000g\000\040\000M\000e\000t\000h\000o\000d\000s\000\040\000A\000r\000e\000\040\000I\000n\000s\000u\000f\000f\000i\000c\000i\000e\000n\000t}{section.3}% 31
\BOOKMARK [2][-]{subsection.3.4}{\376\377\000R\000e\000s\000e\000a\000r\000c\000h\000\040\000O\000b\000j\000e\000c\000t\000i\000v\000e\000s\000\040\000a\000n\000d\000\040\000H\000y\000p\000o\000t\000h\000e\000s\000e\000s}{section.3}% 32
\BOOKMARK [2][-]{subsection.3.5}{\376\377\000E\000x\000p\000e\000c\000t\000e\000d\000\040\000C\000h\000a\000l\000l\000e\000n\000g\000e\000s}{section.3}% 33
\BOOKMARK [1][-]{section.4}{\376\377\000M\000e\000t\000h\000o\000d\000o\000l\000o\000g\000y}{}% 34
\BOOKMARK [2][-]{subsection.4.1}{\376\377\000S\000y\000s\000t\000e\000m\000\040\000A\000r\000c\000h\000i\000t\000e\000c\000t\000u\000r\000e\000\040\000O\000v\000e\000r\000v\000i\000e\000w}{section.4}% 35
\BOOKMARK [2][-]{subsection.4.2}{\376\377\000D\000a\000t\000a\000\040\000C\000o\000l\000l\000e\000c\000t\000i\000o\000n\000\040\000a\000n\000d\000\040\000P\000r\000e\000p\000r\000o\000c\000e\000s\000s\000i\000n\000g}{section.4}% 36
\BOOKMARK [3][-]{subsubsection.4.2.1}{\376\377\000D\000a\000t\000a\000\040\000S\000o\000u\000r\000c\000e\000\040\000a\000n\000d\000\040\000C\000h\000a\000r\000a\000c\000t\000e\000r\000i\000s\000t\000i\000c\000s}{subsection.4.2}% 37
\BOOKMARK [3][-]{subsubsection.4.2.2}{\376\377\000D\000a\000t\000a\000\040\000C\000l\000e\000a\000n\000i\000n\000g}{subsection.4.2}% 38
\BOOKMARK [3][-]{subsubsection.4.2.3}{\376\377\000N\000e\000w\000s\000\040\000D\000a\000t\000a\000\040\000C\000o\000l\000l\000e\000c\000t\000i\000o\000n}{subsection.4.2}% 39
\BOOKMARK [3][-]{subsubsection.4.2.4}{\376\377\000T\000r\000a\000i\000n\000-\000T\000e\000s\000t\000\040\000S\000p\000l\000i\000t}{subsection.4.2}% 40
\BOOKMARK [2][-]{subsection.4.3}{\376\377\000F\000e\000a\000t\000u\000r\000e\000\040\000E\000n\000g\000i\000n\000e\000e\000r\000i\000n\000g}{section.4}% 41
\BOOKMARK [3][-]{subsubsection.4.3.1}{\376\377\000T\000e\000c\000h\000n\000i\000c\000a\000l\000\040\000I\000n\000d\000i\000c\000a\000t\000o\000r\000s}{subsection.4.3}% 42
\BOOKMARK [3][-]{subsubsection.4.3.2}{\376\377\000T\000e\000m\000p\000o\000r\000a\000l\000\040\000F\000e\000a\000t\000u\000r\000e\000s}{subsection.4.3}% 43
\BOOKMARK [3][-]{subsubsection.4.3.3}{\376\377\000L\000a\000g\000\040\000F\000e\000a\000t\000u\000r\000e\000s}{subsection.4.3}% 44
\BOOKMARK [3][-]{subsubsection.4.3.4}{\376\377\000F\000e\000a\000t\000u\000r\000e\000\040\000S\000e\000l\000e\000c\000t\000i\000o\000n\000\040\000a\000n\000d\000\040\000D\000i\000m\000e\000n\000s\000i\000o\000n\000a\000l\000i\000t\000y}{subsection.4.3}% 45
\BOOKMARK [3][-]{subsubsection.4.3.5}{\376\377\000S\000e\000n\000t\000i\000m\000e\000n\000t\000\040\000A\000n\000a\000l\000y\000s\000i\000s\000\040\000P\000i\000p\000e\000l\000i\000n\000e}{subsection.4.3}% 46
\BOOKMARK [3][-]{subsubsection.4.3.6}{\376\377\000S\000e\000n\000t\000i\000m\000e\000n\000t\000\040\000F\000e\000a\000t\000u\000r\000e\000\040\000E\000n\000g\000i\000n\000e\000e\000r\000i\000n\000g}{subsection.4.3}% 47
\BOOKMARK [2][-]{subsection.4.4}{\376\377\000M\000o\000d\000e\000l\000\040\000D\000e\000v\000e\000l\000o\000p\000m\000e\000n\000t}{section.4}% 48
\BOOKMARK [3][-]{subsubsection.4.4.1}{\376\377\000S\000A\000R\000I\000M\000A\000\040\000M\000o\000d\000e\000l}{subsection.4.4}% 49
\BOOKMARK [3][-]{subsubsection.4.4.2}{\376\377\000P\000r\000o\000p\000h\000e\000t\000\040\000M\000o\000d\000e\000l}{subsection.4.4}% 50
\BOOKMARK [3][-]{subsubsection.4.4.3}{\376\377\000X\000G\000B\000o\000o\000s\000t\000\040\000M\000o\000d\000e\000l}{subsection.4.4}% 51
\BOOKMARK [3][-]{subsubsection.4.4.4}{\376\377\000B\000i\000L\000S\000T\000M\000\040\000+\000\040\000A\000t\000t\000e\000n\000t\000i\000o\000n\000\040\000M\000o\000d\000e\000l}{subsection.4.4}% 52
\BOOKMARK [3][-]{subsubsection.4.4.5}{\376\377\000H\000y\000b\000r\000i\000d\000\040\000S\000A\000R\000I\000M\000A\000-\000X\000G\000B\000o\000o\000s\000t\000\040\000M\000o\000d\000e\000l}{subsection.4.4}% 53
\BOOKMARK [2][-]{subsection.4.5}{\376\377\000E\000v\000a\000l\000u\000a\000t\000i\000o\000n\000\040\000M\000e\000t\000r\000i\000c\000s}{section.4}% 54
\BOOKMARK [3][-]{subsubsection.4.5.1}{\376\377\000R\000e\000g\000r\000e\000s\000s\000i\000o\000n\000\040\000M\000e\000t\000r\000i\000c\000s}{subsection.4.5}% 55
\BOOKMARK [3][-]{subsubsection.4.5.2}{\376\377\000D\000i\000r\000e\000c\000t\000i\000o\000n\000a\000l\000\040\000A\000c\000c\000u\000r\000a\000c\000y}{subsection.4.5}% 56
\BOOKMARK [3][-]{subsubsection.4.5.3}{\376\377\000T\000r\000a\000d\000i\000n\000g\000\040\000P\000e\000r\000f\000o\000r\000m\000a\000n\000c\000e\000\040\000M\000e\000t\000r\000i\000c\000s}{subsection.4.5}% 57
\BOOKMARK [3][-]{subsubsection.4.5.4}{\376\377\000M\000o\000d\000e\000l\000\040\000C\000o\000m\000p\000a\000r\000i\000s\000o\000n}{subsection.4.5}% 58
\BOOKMARK [2][-]{subsection.4.6}{\376\377\000I\000m\000p\000l\000e\000m\000e\000n\000t\000a\000t\000i\000o\000n\000\040\000D\000e\000t\000a\000i\000l\000s}{section.4}% 59
\BOOKMARK [3][-]{subsubsection.4.6.1}{\376\377\000D\000e\000v\000e\000l\000o\000p\000m\000e\000n\000t\000\040\000E\000n\000v\000i\000r\000o\000n\000m\000e\000n\000t}{subsection.4.6}% 60
\BOOKMARK [3][-]{subsubsection.4.6.2}{\376\377\000C\000o\000m\000p\000u\000t\000a\000t\000i\000o\000n\000a\000l\000\040\000R\000e\000s\000o\000u\000r\000c\000e\000s}{subsection.4.6}% 61
\BOOKMARK [3][-]{subsubsection.4.6.3}{\376\377\000R\000e\000p\000r\000o\000d\000u\000c\000i\000b\000i\000l\000i\000t\000y}{subsection.4.6}% 62
\BOOKMARK [2][-]{subsection.4.7}{\376\377\000S\000u\000m\000m\000a\000r\000y}{section.4}% 63
\BOOKMARK [1][-]{section.5}{\376\377\000R\000e\000s\000u\000l\000t\000s\000\040\000a\000n\000d\000\040\000A\000n\000a\000l\000y\000s\000i\000s}{}% 64
\BOOKMARK [2][-]{subsection.5.1}{\376\377\000E\000x\000p\000e\000r\000i\000m\000e\000n\000t\000a\000l\000\040\000S\000e\000t\000u\000p}{section.5}% 65
\BOOKMARK [2][-]{subsection.5.2}{\376\377\000E\000x\000p\000l\000o\000r\000a\000t\000o\000r\000y\000\040\000D\000a\000t\000a\000\040\000A\000n\000a\000l\000y\000s\000i\000s}{section.5}% 66
\BOOKMARK [2][-]{subsection.5.3}{\376\377\000M\000o\000d\000e\000l\000\040\000P\000e\000r\000f\000o\000r\000m\000a\000n\000c\000e\000\040\000E\000v\000a\000l\000u\000a\000t\000i\000o\000n}{section.5}% 67
\BOOKMARK [3][-]{subsubsection.5.3.1}{\376\377\000S\000t\000a\000t\000i\000s\000t\000i\000c\000a\000l\000\040\000M\000o\000d\000e\000l\000s}{subsection.5.3}% 68
\BOOKMARK [3][-]{subsubsection.5.3.2}{\376\377\000M\000a\000c\000h\000i\000n\000e\000\040\000L\000e\000a\000r\000n\000i\000n\000g\000\040\000M\000o\000d\000e\000l\000s}{subsection.5.3}% 69
\BOOKMARK [3][-]{subsubsection.5.3.3}{\376\377\000D\000e\000e\000p\000\040\000L\000e\000a\000r\000n\000i\000n\000g\000\040\000M\000o\000d\000e\000l\000s}{subsection.5.3}% 70
\BOOKMARK [2][-]{subsection.5.4}{\376\377\000H\000y\000b\000r\000i\000d\000\040\000M\000o\000d\000e\000l\000:\000\040\000S\000A\000R\000I\000M\000A\000\040\000+\000\040\000X\000G\000B\000o\000o\000s\000t}{section.5}% 71
\BOOKMARK [3][-]{subsubsection.5.4.1}{\376\377\000T\000h\000e\000o\000r\000e\000t\000i\000c\000a\000l\000\040\000F\000o\000u\000n\000d\000a\000t\000i\000o\000n\000\040\000a\000n\000d\000\040\000M\000e\000t\000h\000o\000d\000o\000l\000o\000g\000y}{subsection.5.4}% 72
\BOOKMARK [3][-]{subsubsection.5.4.2}{\376\377\000I\000m\000p\000l\000e\000m\000e\000n\000t\000a\000t\000i\000o\000n\000\040\000C\000o\000n\000f\000i\000g\000u\000r\000a\000t\000i\000o\000n}{subsection.5.4}% 73
\BOOKMARK [3][-]{subsubsection.5.4.3}{\376\377\000P\000e\000r\000f\000o\000r\000m\000a\000n\000c\000e\000\040\000R\000e\000s\000u\000l\000t\000s}{subsection.5.4}% 74
\BOOKMARK [2][-]{subsection.5.5}{\376\377\000P\000r\000o\000p\000o\000s\000e\000d\000\040\000S\000e\000n\000t\000i\000m\000e\000n\000t\000\040\000E\000x\000t\000e\000n\000s\000i\000o\000n\000\040\000\050\000P\000l\000a\000n\000n\000e\000d\000\040\000E\000v\000a\000l\000u\000a\000t\000i\000o\000n\000\051}{section.5}% 75
\BOOKMARK [3][-]{subsubsection.5.5.1}{\376\377\000P\000l\000a\000n\000n\000e\000d\000\040\000E\000v\000a\000l\000u\000a\000t\000i\000o\000n\000\040\000H\000y\000p\000o\000t\000h\000e\000s\000e\000s}{subsection.5.5}% 76
\BOOKMARK [3][-]{subsubsection.5.5.2}{\376\377\000P\000l\000a\000n\000n\000e\000d\000\040\000A\000b\000l\000a\000t\000i\000o\000n\000\040\000S\000t\000u\000d\000y\000\040\000D\000e\000s\000i\000g\000n}{subsection.5.5}% 77
\BOOKMARK [3][-]{subsubsection.5.5.3}{\376\377\000P\000l\000a\000n\000n\000e\000d\000\040\000F\000e\000a\000t\000u\000r\000e\000\040\000I\000m\000p\000o\000r\000t\000a\000n\000c\000e\000\040\000A\000n\000a\000l\000y\000s\000i\000s}{subsection.5.5}% 78
\BOOKMARK [3][-]{subsubsection.5.5.4}{\376\377\000P\000l\000a\000n\000n\000e\000d\000\040\000W\000a\000l\000k\000-\000F\000o\000r\000w\000a\000r\000d\000\040\000V\000a\000l\000i\000d\000a\000t\000i\000o\000n}{subsection.5.5}% 79
\BOOKMARK [2][-]{subsection.5.6}{\376\377\000C\000o\000m\000p\000r\000e\000h\000e\000n\000s\000i\000v\000e\000\040\000C\000o\000m\000p\000a\000r\000i\000s\000o\000n}{section.5}% 80
\BOOKMARK [2][-]{subsection.5.7}{\376\377\000D\000i\000s\000c\000u\000s\000s\000i\000o\000n}{section.5}% 81
\BOOKMARK [3][-]{subsubsection.5.7.1}{\376\377\000K\000e\000y\000\040\000F\000i\000n\000d\000i\000n\000g\000s\000\040\000a\000n\000d\000\040\000I\000m\000p\000l\000i\000c\000a\000t\000i\000o\000n\000s}{subsection.5.7}% 82
\BOOKMARK [3][-]{subsubsection.5.7.2}{\376\377\000P\000r\000a\000c\000t\000i\000c\000a\000l\000\040\000I\000m\000p\000l\000i\000c\000a\000t\000i\000o\000n\000s}{subsection.5.7}% 83
\BOOKMARK [3][-]{subsubsection.5.7.3}{\376\377\000L\000i\000m\000i\000t\000a\000t\000i\000o\000n\000s\000\040\000a\000n\000d\000\040\000C\000a\000v\000e\000a\000t\000s}{subsection.5.7}% 84
\BOOKMARK [3][-]{subsubsection.5.7.4}{\376\377\000L\000i\000t\000e\000r\000a\000t\000u\000r\000e\000\040\000A\000l\000i\000g\000n\000m\000e\000n\000t}{subsection.5.7}% 85
\BOOKMARK [3][-]{subsubsection.5.7.5}{\376\377\000F\000u\000t\000u\000r\000e\000\040\000R\000e\000s\000e\000a\000r\000c\000h\000\040\000D\000i\000r\000e\000c\000t\000i\000o\000n\000s}{subsection.5.7}% 86
\BOOKMARK [2][-]{subsection.5.8}{\376\377\000C\000o\000n\000c\000l\000u\000s\000i\000o\000n}{section.5}% 87
